[INFO] Scanning for projects...
[INFO] 
[INFO] ---------------------< com.helpbridge:helpbridge >----------------------
[INFO] Building HelpBridge Backend 0.0.1-SNAPSHOT
[INFO]   from pom.xml
[INFO] --------------------------------[ jar ]---------------------------------
[INFO] 
[INFO] --- resources:3.3.1:resources (default-resources) @ helpbridge ---
[INFO] Copying 1 resource from src\main\resources to target\classes
[INFO] Copying 2 resources from src\main\resources to target\classes
[INFO] 
[INFO] --- compiler:3.13.0:compile (default-compile) @ helpbridge ---
[INFO] Recompiling the module because of changed source code.
[INFO] Compiling 40 source files with javac [debug parameters release 17] to target\classes
[INFO] -------------------------------------------------------------
[ERROR] COMPILATION ERROR : 
[INFO] -------------------------------------------------------------
[ERROR] /D:/final 2/final 2/Backend(SpringBoot)/HelpBridge/src/main/java/com/helpbridge/service/AuthService.java:[82,16] constructor AuthResponse in class com.helpbridge.dto.AuthResponse cannot be applied to given types;
  required: no arguments
  found:    java.lang.String,java.lang.String,java.lang.Long,java.lang.String,java.lang.String
  reason: actual and formal argument lists differ in length
[INFO] 1 error
[INFO] -------------------------------------------------------------
[INFO] ------------------------------------------------------------------------
[INFO] BUILD FAILURE
[INFO] ------------------------------------------------------------------------
[INFO] Total time:  5.333 s
[INFO] Finished at: 2026-01-28T17:02:52+05:30
[INFO] ------------------------------------------------------------------------
[ERROR] Failed to execute goal org.apache.maven.plugins:maven-compiler-plugin:3.13.0:compile (default-compile) on project helpbridge: Compilation failure
[ERROR] /D:/final 2/final 2/Backend(SpringBoot)/HelpBridge/src/main/java/com/helpbridge/service/AuthService.java:[82,16] constructor AuthResponse in class com.helpbridge.dto.AuthResponse cannot be applied to given types;
[ERROR]   required: no arguments
[ERROR]   found:    java.lang.String,java.lang.String,java.lang.Long,java.lang.String,java.lang.String
[ERROR]   reason: actual and formal argument lists differ in length
[ERROR] 
[ERROR] -> [Help 1]
[ERROR] 
[ERROR] To see the full stack trace of the errors, re-run Maven with the -e switch.
[ERROR] Re-run Maven using the -X switch to enable full debug logging.
[ERROR] 
[ERROR] For more information about the errors and possible solutions, please read the following articles:
[ERROR] [Help 1] http://cwiki.apache.org/confluence/display/MAVEN/MojoFailureException
