com\helpbridge\repository\StudentRepository.class
com\helpbridge\controller\RequestController.class
com\helpbridge\service\EmailService.class
com\helpbridge\controller\AuthController.class
com\helpbridge\enums\RequestStatus.class
com\helpbridge\model\Donor.class
com\helpbridge\dto\LoginRequest.class
com\helpbridge\config\JwtRequestFilter.class
com\helpbridge\service\PaymentService.class
com\helpbridge\model\Volunteer.class
com\helpbridge\model\ServiceRequest.class
com\helpbridge\service\UserDetailsServiceImpl.class
com\helpbridge\model\Student.class
com\helpbridge\controller\NotificationController.class
com\helpbridge\repository\VolunteerRepository.class
com\helpbridge\enums\UserStatus.class
com\helpbridge\repository\ServiceRequestRepository.class
com\helpbridge\model\Notification.class
com\helpbridge\controller\PaymentController.class
com\helpbridge\service\AdminService.class
com\helpbridge\HelpBridgeApplication.class
com\helpbridge\repository\NotificationRepository.class
com\helpbridge\model\HelpPost.class
com\helpbridge\service\HelpPostService.class
com\helpbridge\model\User.class
com\helpbridge\util\JwtUtil.class
com\helpbridge\enums\RoleType.class
com\helpbridge\repository\UserRepository.class
com\helpbridge\dto\AdminDashboardSummary$RoleStats.class
com\helpbridge\repository\DonationRepository.class
com\helpbridge\service\RequestService.class
com\helpbridge\controller\AdminController.class
com\helpbridge\dto\RegisterRequest.class
com\helpbridge\config\DatabaseSchemaFixer.class
com\helpbridge\config\SecurityConfig.class
com\helpbridge\controller\HelpPostController.class
com\helpbridge\service\AuthService.class
com\helpbridge\dto\AdminDashboardSummary.class
com\helpbridge\repository\NGORepository.class
com\helpbridge\repository\DonorRepository.class
com\helpbridge\model\NGO.class
com\helpbridge\service\AuthService$1.class
com\helpbridge\dto\AuthResponse.class
com\helpbridge\util\DataSeeder.class
com\helpbridge\model\Donation.class
com\helpbridge\service\NotificationService.class
com\helpbridge\repository\HelpPostRepository.class
