D:\final 2\final 2\Backend(SpringBoot)\HelpBridge\src\main\java\com\helpbridge\config\DatabaseSchemaFixer.java
D:\final 2\final 2\Backend(SpringBoot)\HelpBridge\src\main\java\com\helpbridge\config\JwtRequestFilter.java
D:\final 2\final 2\Backend(SpringBoot)\HelpBridge\src\main\java\com\helpbridge\config\SecurityConfig.java
D:\final 2\final 2\Backend(SpringBoot)\HelpBridge\src\main\java\com\helpbridge\controller\AdminController.java
D:\final 2\final 2\Backend(SpringBoot)\HelpBridge\src\main\java\com\helpbridge\controller\AuthController.java
D:\final 2\final 2\Backend(SpringBoot)\HelpBridge\src\main\java\com\helpbridge\controller\HelpPostController.java
D:\final 2\final 2\Backend(SpringBoot)\HelpBridge\src\main\java\com\helpbridge\controller\NotificationController.java
D:\final 2\final 2\Backend(SpringBoot)\HelpBridge\src\main\java\com\helpbridge\controller\PaymentController.java
D:\final 2\final 2\Backend(SpringBoot)\HelpBridge\src\main\java\com\helpbridge\controller\RequestController.java
D:\final 2\final 2\Backend(SpringBoot)\HelpBridge\src\main\java\com\helpbridge\dto\AdminDashboardSummary.java
D:\final 2\final 2\Backend(SpringBoot)\HelpBridge\src\main\java\com\helpbridge\dto\AuthResponse.java
D:\final 2\final 2\Backend(SpringBoot)\HelpBridge\src\main\java\com\helpbridge\dto\LoginRequest.java
D:\final 2\final 2\Backend(SpringBoot)\HelpBridge\src\main\java\com\helpbridge\dto\RegisterRequest.java
D:\final 2\final 2\Backend(SpringBoot)\HelpBridge\src\main\java\com\helpbridge\enums\RequestStatus.java
D:\final 2\final 2\Backend(SpringBoot)\HelpBridge\src\main\java\com\helpbridge\enums\RoleType.java
D:\final 2\final 2\Backend(SpringBoot)\HelpBridge\src\main\java\com\helpbridge\enums\UserStatus.java
D:\final 2\final 2\Backend(SpringBoot)\HelpBridge\src\main\java\com\helpbridge\HelpBridgeApplication.java
D:\final 2\final 2\Backend(SpringBoot)\HelpBridge\src\main\java\com\helpbridge\model\Donation.java
D:\final 2\final 2\Backend(SpringBoot)\HelpBridge\src\main\java\com\helpbridge\model\Donor.java
D:\final 2\final 2\Backend(SpringBoot)\HelpBridge\src\main\java\com\helpbridge\model\HelpPost.java
D:\final 2\final 2\Backend(SpringBoot)\HelpBridge\src\main\java\com\helpbridge\model\NGO.java
D:\final 2\final 2\Backend(SpringBoot)\HelpBridge\src\main\java\com\helpbridge\model\Notification.java
D:\final 2\final 2\Backend(SpringBoot)\HelpBridge\src\main\java\com\helpbridge\model\ServiceRequest.java
D:\final 2\final 2\Backend(SpringBoot)\HelpBridge\src\main\java\com\helpbridge\model\Student.java
D:\final 2\final 2\Backend(SpringBoot)\HelpBridge\src\main\java\com\helpbridge\model\User.java
D:\final 2\final 2\Backend(SpringBoot)\HelpBridge\src\main\java\com\helpbridge\model\Volunteer.java
D:\final 2\final 2\Backend(SpringBoot)\HelpBridge\src\main\java\com\helpbridge\repository\DonationRepository.java
D:\final 2\final 2\Backend(SpringBoot)\HelpBridge\src\main\java\com\helpbridge\repository\DonorRepository.java
D:\final 2\final 2\Backend(SpringBoot)\HelpBridge\src\main\java\com\helpbridge\repository\HelpPostRepository.java
D:\final 2\final 2\Backend(SpringBoot)\HelpBridge\src\main\java\com\helpbridge\repository\NGORepository.java
D:\final 2\final 2\Backend(SpringBoot)\HelpBridge\src\main\java\com\helpbridge\repository\NotificationRepository.java
D:\final 2\final 2\Backend(SpringBoot)\HelpBridge\src\main\java\com\helpbridge\repository\ServiceRequestRepository.java
D:\final 2\final 2\Backend(SpringBoot)\HelpBridge\src\main\java\com\helpbridge\repository\StudentRepository.java
D:\final 2\final 2\Backend(SpringBoot)\HelpBridge\src\main\java\com\helpbridge\repository\UserRepository.java
D:\final 2\final 2\Backend(SpringBoot)\HelpBridge\src\main\java\com\helpbridge\repository\VolunteerRepository.java
D:\final 2\final 2\Backend(SpringBoot)\HelpBridge\src\main\java\com\helpbridge\service\AdminService.java
D:\final 2\final 2\Backend(SpringBoot)\HelpBridge\src\main\java\com\helpbridge\service\AuthService.java
D:\final 2\final 2\Backend(SpringBoot)\HelpBridge\src\main\java\com\helpbridge\service\EmailService.java
D:\final 2\final 2\Backend(SpringBoot)\HelpBridge\src\main\java\com\helpbridge\service\HelpPostService.java
D:\final 2\final 2\Backend(SpringBoot)\HelpBridge\src\main\java\com\helpbridge\service\NotificationService.java
D:\final 2\final 2\Backend(SpringBoot)\HelpBridge\src\main\java\com\helpbridge\service\PaymentService.java
D:\final 2\final 2\Backend(SpringBoot)\HelpBridge\src\main\java\com\helpbridge\service\RequestService.java
D:\final 2\final 2\Backend(SpringBoot)\HelpBridge\src\main\java\com\helpbridge\service\UserDetailsServiceImpl.java
D:\final 2\final 2\Backend(SpringBoot)\HelpBridge\src\main\java\com\helpbridge\util\DataSeeder.java
D:\final 2\final 2\Backend(SpringBoot)\HelpBridge\src\main\java\com\helpbridge\util\JwtUtil.java
